Analysis & Synthesis report for top
Mon Jun  1 13:21:14 2026
Quartus Prime Version 25.1std.0 Build 1129 10/21/2025 SC Lite Edition


---------------------
; Table of Contents ;
---------------------
  1. Legal Notice
  2. Analysis & Synthesis Summary
  3. Analysis & Synthesis Settings
  4. Parallel Compilation
  5. Analysis & Synthesis Source Files Read
  6. Analysis & Synthesis Resource Usage Summary
  7. Analysis & Synthesis Resource Utilization by Entity
  8. Registers Removed During Synthesis
  9. Removed Registers Triggering Further Register Optimizations
 10. General Register Statistics
 11. Inverted Register Statistics
 12. Multiplexer Restructuring Statistics (Restructuring Performed)
 13. Parameter Settings for User Entity Instance: pad:raqueta_izq
 14. Parameter Settings for User Entity Instance: pad:raqueta_der
 15. Parameter Settings for User Entity Instance: ballhitbox:pelota
 16. Parameter Settings for User Entity Instance: uart_rx:uart0
 17. Post-Synthesis Netlist Statistics for Top Partition
 18. Elapsed Time Per Partition
 19. Analysis & Synthesis Messages



----------------
; Legal Notice ;
----------------
Copyright (C) 2025  Altera Corporation. All rights reserved.
Your use of Altera Corporation's design tools, logic functions 
and other software and tools, and any partner logic 
functions, and any output files from any of the foregoing 
(including device programming or simulation files), and any 
associated documentation or information are expressly subject 
to the terms and conditions of the Altera Program License 
Subscription Agreement, the Altera Quartus Prime License Agreement,
the Altera IP License Agreement, or other applicable license
agreement, including, without limitation, that your use is for
the sole purpose of programming logic devices manufactured by
Altera and sold by Altera or its authorized distributors.  Please
refer to the Altera Software License Subscription Agreements 
on the Quartus Prime software download page.



+--------------------------------------------------------------------------------------+
; Analysis & Synthesis Summary                                                         ;
+------------------------------------+-------------------------------------------------+
; Analysis & Synthesis Status        ; Successful - Mon Jun  1 13:21:14 2026           ;
; Quartus Prime Version              ; 25.1std.0 Build 1129 10/21/2025 SC Lite Edition ;
; Revision Name                      ; top                                             ;
; Top-level Entity Name              ; top                                             ;
; Family                             ; Cyclone IV E                                    ;
; Total logic elements               ; 594                                             ;
;     Total combinational functions  ; 582                                             ;
;     Dedicated logic registers      ; 179                                             ;
; Total registers                    ; 179                                             ;
; Total pins                         ; 9                                               ;
; Total virtual pins                 ; 0                                               ;
; Total memory bits                  ; 0                                               ;
; Embedded Multiplier 9-bit elements ; 0                                               ;
; Total PLLs                         ; 0                                               ;
+------------------------------------+-------------------------------------------------+


+------------------------------------------------------------------------------------------------------------+
; Analysis & Synthesis Settings                                                                              ;
+------------------------------------------------------------------+--------------------+--------------------+
; Option                                                           ; Setting            ; Default Value      ;
+------------------------------------------------------------------+--------------------+--------------------+
; Device                                                           ; EP4CE10E22C8       ;                    ;
; Top-level entity name                                            ; top                ; top                ;
; Family name                                                      ; Cyclone IV E       ; Cyclone V          ;
; Use smart compilation                                            ; Off                ; Off                ;
; Enable parallel Assembler and Timing Analyzer during compilation ; On                 ; On                 ;
; Enable compact report table                                      ; Off                ; Off                ;
; Restructure Multiplexers                                         ; Auto               ; Auto               ;
; Create Debugging Nodes for IP Cores                              ; Off                ; Off                ;
; Preserve fewer node names                                        ; On                 ; On                 ;
; Intel FPGA IP Evaluation Mode                                    ; Enable             ; Enable             ;
; Verilog Version                                                  ; Verilog_2001       ; Verilog_2001       ;
; VHDL Version                                                     ; VHDL_1993          ; VHDL_1993          ;
; State Machine Processing                                         ; Auto               ; Auto               ;
; Safe State Machine                                               ; Off                ; Off                ;
; Extract Verilog State Machines                                   ; On                 ; On                 ;
; Extract VHDL State Machines                                      ; On                 ; On                 ;
; Ignore Verilog initial constructs                                ; Off                ; Off                ;
; Iteration limit for constant Verilog loops                       ; 5000               ; 5000               ;
; Iteration limit for non-constant Verilog loops                   ; 250                ; 250                ;
; Add Pass-Through Logic to Inferred RAMs                          ; On                 ; On                 ;
; Infer RAMs from Raw Logic                                        ; On                 ; On                 ;
; Parallel Synthesis                                               ; On                 ; On                 ;
; DSP Block Balancing                                              ; Auto               ; Auto               ;
; NOT Gate Push-Back                                               ; On                 ; On                 ;
; Power-Up Don't Care                                              ; On                 ; On                 ;
; Remove Redundant Logic Cells                                     ; Off                ; Off                ;
; Remove Duplicate Registers                                       ; On                 ; On                 ;
; Ignore CARRY Buffers                                             ; Off                ; Off                ;
; Ignore CASCADE Buffers                                           ; Off                ; Off                ;
; Ignore GLOBAL Buffers                                            ; Off                ; Off                ;
; Ignore ROW GLOBAL Buffers                                        ; Off                ; Off                ;
; Ignore LCELL Buffers                                             ; Off                ; Off                ;
; Ignore SOFT Buffers                                              ; On                 ; On                 ;
; Limit AHDL Integers to 32 Bits                                   ; Off                ; Off                ;
; Optimization Technique                                           ; Balanced           ; Balanced           ;
; Carry Chain Length                                               ; 70                 ; 70                 ;
; Auto Carry Chains                                                ; On                 ; On                 ;
; Auto Open-Drain Pins                                             ; On                 ; On                 ;
; Perform WYSIWYG Primitive Resynthesis                            ; Off                ; Off                ;
; Auto ROM Replacement                                             ; On                 ; On                 ;
; Auto RAM Replacement                                             ; On                 ; On                 ;
; Auto DSP Block Replacement                                       ; On                 ; On                 ;
; Auto Shift Register Replacement                                  ; Auto               ; Auto               ;
; Allow Shift Register Merging across Hierarchies                  ; Auto               ; Auto               ;
; Auto Clock Enable Replacement                                    ; On                 ; On                 ;
; Strict RAM Replacement                                           ; Off                ; Off                ;
; Allow Synchronous Control Signals                                ; On                 ; On                 ;
; Force Use of Synchronous Clear Signals                           ; Off                ; Off                ;
; Auto RAM Block Balancing                                         ; On                 ; On                 ;
; Auto RAM to Logic Cell Conversion                                ; Off                ; Off                ;
; Auto Resource Sharing                                            ; Off                ; Off                ;
; Allow Any RAM Size For Recognition                               ; Off                ; Off                ;
; Allow Any ROM Size For Recognition                               ; Off                ; Off                ;
; Allow Any Shift Register Size For Recognition                    ; Off                ; Off                ;
; Use LogicLock Constraints during Resource Balancing              ; On                 ; On                 ;
; Ignore translate_off and synthesis_off directives                ; Off                ; Off                ;
; Timing-Driven Synthesis                                          ; On                 ; On                 ;
; Report Parameter Settings                                        ; On                 ; On                 ;
; Report Source Assignments                                        ; On                 ; On                 ;
; Report Connectivity Checks                                       ; On                 ; On                 ;
; Ignore Maximum Fan-Out Assignments                               ; Off                ; Off                ;
; Synchronization Register Chain Length                            ; 2                  ; 2                  ;
; Power Optimization During Synthesis                              ; Normal compilation ; Normal compilation ;
; HDL message level                                                ; Level2             ; Level2             ;
; Suppress Register Optimization Related Messages                  ; Off                ; Off                ;
; Number of Removed Registers Reported in Synthesis Report         ; 5000               ; 5000               ;
; Number of Swept Nodes Reported in Synthesis Report               ; 5000               ; 5000               ;
; Number of Inverted Registers Reported in Synthesis Report        ; 100                ; 100                ;
; Clock MUX Protection                                             ; On                 ; On                 ;
; Auto Gated Clock Conversion                                      ; Off                ; Off                ;
; Block Design Naming                                              ; Auto               ; Auto               ;
; SDC constraint protection                                        ; Off                ; Off                ;
; Synthesis Effort                                                 ; Auto               ; Auto               ;
; Shift Register Replacement - Allow Asynchronous Clear Signal     ; On                 ; On                 ;
; Pre-Mapping Resynthesis Optimization                             ; Off                ; Off                ;
; Analysis & Synthesis Message Level                               ; Medium             ; Medium             ;
; Disable Register Merging Across Hierarchies                      ; Auto               ; Auto               ;
; Resource Aware Inference For Block RAM                           ; On                 ; On                 ;
+------------------------------------------------------------------+--------------------+--------------------+


+------------------------------------------+
; Parallel Compilation                     ;
+----------------------------+-------------+
; Processors                 ; Number      ;
+----------------------------+-------------+
; Number detected on machine ; 12          ;
; Maximum allowed            ; 6           ;
;                            ;             ;
; Average used               ; 1.00        ;
; Maximum used               ; 6           ;
;                            ;             ;
; Usage by Processor         ; % Time Used ;
;     Processor 1            ; 100.0%      ;
;     Processors 2-6         ;   0.0%      ;
+----------------------------+-------------+


+---------------------------------------------------------------------------------------------------------------------------------------------------------------------------------------------+
; Analysis & Synthesis Source Files Read                                                                                                                                                      ;
+----------------------------------+-----------------+------------------------------+-----------------------------------------------------------------------------------------------+---------+
; File Name with User-Entered Path ; Used in Netlist ; File Type                    ; File Name with Absolute Path                                                                  ; Library ;
+----------------------------------+-----------------+------------------------------+-----------------------------------------------------------------------------------------------+---------+
; top.v                            ; yes             ; Auto-Found Verilog HDL File  ; /home/willdev/PONG_VGA_FPGA_ALTERA_CYCLON_IV/VGA_480_640_Pong/Pong_Game_Source/top.v          ;         ;
; pll25mhz.v                       ; yes             ; Auto-Found Verilog HDL File  ; /home/willdev/PONG_VGA_FPGA_ALTERA_CYCLON_IV/VGA_480_640_Pong/Pong_Game_Source/pll25mhz.v     ;         ;
; vga.v                            ; yes             ; Auto-Found Verilog HDL File  ; /home/willdev/PONG_VGA_FPGA_ALTERA_CYCLON_IV/VGA_480_640_Pong/Pong_Game_Source/vga.v          ;         ;
; pad.v                            ; yes             ; Auto-Found Verilog HDL File  ; /home/willdev/PONG_VGA_FPGA_ALTERA_CYCLON_IV/VGA_480_640_Pong/Pong_Game_Source/pad.v          ;         ;
; ballhitbox.v                     ; yes             ; Auto-Found Verilog HDL File  ; /home/willdev/PONG_VGA_FPGA_ALTERA_CYCLON_IV/VGA_480_640_Pong/Pong_Game_Source/ballhitbox.v   ;         ;
; pulsecounter.v                   ; yes             ; Auto-Found Verilog HDL File  ; /home/willdev/PONG_VGA_FPGA_ALTERA_CYCLON_IV/VGA_480_640_Pong/Pong_Game_Source/pulsecounter.v ;         ;
; render.v                         ; yes             ; Auto-Found Verilog HDL File  ; /home/willdev/PONG_VGA_FPGA_ALTERA_CYCLON_IV/VGA_480_640_Pong/Pong_Game_Source/render.v       ;         ;
; flipflop.v                       ; yes             ; Auto-Found Verilog HDL File  ; /home/willdev/PONG_VGA_FPGA_ALTERA_CYCLON_IV/VGA_480_640_Pong/Pong_Game_Source/flipflop.v     ;         ;
; uart_rx.v                        ; yes             ; Auto-Found Verilog HDL File  ; /home/willdev/PONG_VGA_FPGA_ALTERA_CYCLON_IV/VGA_480_640_Pong/Pong_Game_Source/uart_rx.v      ;         ;
+----------------------------------+-----------------+------------------------------+-----------------------------------------------------------------------------------------------+---------+


+---------------------------------------------------------+
; Analysis & Synthesis Resource Usage Summary             ;
+---------------------------------------------+-----------+
; Resource                                    ; Usage     ;
+---------------------------------------------+-----------+
; Estimated Total logic elements              ; 594       ;
;                                             ;           ;
; Total combinational functions               ; 582       ;
; Logic element usage by number of LUT inputs ;           ;
;     -- 4 input functions                    ; 183       ;
;     -- 3 input functions                    ; 190       ;
;     -- <=2 input functions                  ; 209       ;
;                                             ;           ;
; Logic elements by mode                      ;           ;
;     -- normal mode                          ; 319       ;
;     -- arithmetic mode                      ; 263       ;
;                                             ;           ;
; Total registers                             ; 179       ;
;     -- Dedicated logic registers            ; 179       ;
;     -- I/O registers                        ; 0         ;
;                                             ;           ;
; I/O pins                                    ; 9         ;
;                                             ;           ;
; Embedded Multiplier 9-bit elements          ; 0         ;
;                                             ;           ;
; Maximum fan-out node                        ; rst~input ;
; Maximum fan-out                             ; 147       ;
; Total fan-out                               ; 2386      ;
; Average fan-out                             ; 3.06      ;
+---------------------------------------------+-----------+


+----------------------------------------------------------------------------------------------------------------------------------------------------------------------------------------------------------------------+
; Analysis & Synthesis Resource Utilization by Entity                                                                                                                                                                  ;
+------------------------------+---------------------+---------------------------+-------------+--------------+---------+-----------+------+--------------+------------------------------+--------------+--------------+
; Compilation Hierarchy Node   ; Combinational ALUTs ; Dedicated Logic Registers ; Memory Bits ; DSP Elements ; DSP 9x9 ; DSP 18x18 ; Pins ; Virtual Pins ; Full Hierarchy Name          ; Entity Name  ; Library Name ;
+------------------------------+---------------------+---------------------------+-------------+--------------+---------+-----------+------+--------------+------------------------------+--------------+--------------+
; |top                         ; 582 (13)            ; 179 (4)                   ; 0           ; 0            ; 0       ; 0         ; 9    ; 0            ; |top                         ; top          ; work         ;
;    |ballhitbox:pelota|       ; 166 (166)           ; 70 (70)                   ; 0           ; 0            ; 0       ; 0         ; 0    ; 0            ; |top|ballhitbox:pelota       ; ballhitbox   ; work         ;
;    |flipflop:flip_b|         ; 0 (0)               ; 1 (1)                     ; 0           ; 0            ; 0       ; 0         ; 0    ; 0            ; |top|flipflop:flip_b         ; flipflop     ; work         ;
;    |flipflop:flip_g|         ; 0 (0)               ; 1 (1)                     ; 0           ; 0            ; 0       ; 0         ; 0    ; 0            ; |top|flipflop:flip_g         ; flipflop     ; work         ;
;    |flipflop:flip_hsync|     ; 0 (0)               ; 1 (1)                     ; 0           ; 0            ; 0       ; 0         ; 0    ; 0            ; |top|flipflop:flip_hsync     ; flipflop     ; work         ;
;    |flipflop:flip_r|         ; 0 (0)               ; 1 (1)                     ; 0           ; 0            ; 0       ; 0         ; 0    ; 0            ; |top|flipflop:flip_r         ; flipflop     ; work         ;
;    |flipflop:flip_vsync|     ; 0 (0)               ; 1 (1)                     ; 0           ; 0            ; 0       ; 0         ; 0    ; 0            ; |top|flipflop:flip_vsync     ; flipflop     ; work         ;
;    |pad:raqueta_der|         ; 49 (49)             ; 29 (29)                   ; 0           ; 0            ; 0       ; 0         ; 0    ; 0            ; |top|pad:raqueta_der         ; pad          ; work         ;
;    |pad:raqueta_izq|         ; 15 (15)             ; 9 (9)                     ; 0           ; 0            ; 0       ; 0         ; 0    ; 0            ; |top|pad:raqueta_izq         ; pad          ; work         ;
;    |pll25mhz:mi_pll|         ; 1 (1)               ; 1 (1)                     ; 0           ; 0            ; 0       ; 0         ; 0    ; 0            ; |top|pll25mhz:mi_pll         ; pll25mhz     ; work         ;
;    |pulsecounter:cuenta_j1|  ; 6 (6)               ; 5 (5)                     ; 0           ; 0            ; 0       ; 0         ; 0    ; 0            ; |top|pulsecounter:cuenta_j1  ; pulsecounter ; work         ;
;    |pulsecounter:cuenta_j2|  ; 5 (5)               ; 5 (5)                     ; 0           ; 0            ; 0       ; 0         ; 0    ; 0            ; |top|pulsecounter:cuenta_j2  ; pulsecounter ; work         ;
;    |render:render_principal| ; 238 (238)           ; 0 (0)                     ; 0           ; 0            ; 0       ; 0         ; 0    ; 0            ; |top|render:render_principal ; render       ; work         ;
;    |uart_rx:uart0|           ; 51 (51)             ; 31 (31)                   ; 0           ; 0            ; 0       ; 0         ; 0    ; 0            ; |top|uart_rx:uart0           ; uart_rx      ; work         ;
;    |vga:vga_principal|       ; 38 (38)             ; 20 (20)                   ; 0           ; 0            ; 0       ; 0         ; 0    ; 0            ; |top|vga:vga_principal       ; vga          ; work         ;
+------------------------------+---------------------+---------------------------+-------------+--------------+---------+-----------+------+--------------+------------------------------+--------------+--------------+
Note: For table entries with two numbers listed, the numbers in parentheses indicate the number of resources of the given type used by the specific entity alone. The numbers listed outside of parentheses indicate the total resources of the given type used by the specific entity and all of its sub-entities in the hierarchy.


+-----------------------------------------------------------------------------------+
; Registers Removed During Synthesis                                                ;
+----------------------------------------+------------------------------------------+
; Register name                          ; Reason for Removal                       ;
+----------------------------------------+------------------------------------------+
; pad:raqueta_izq|contador[19]           ; Merged with pad:raqueta_der|contador[19] ;
; pad:raqueta_izq|contador[18]           ; Merged with pad:raqueta_der|contador[18] ;
; pad:raqueta_izq|contador[17]           ; Merged with pad:raqueta_der|contador[17] ;
; pad:raqueta_izq|contador[16]           ; Merged with pad:raqueta_der|contador[16] ;
; pad:raqueta_izq|contador[14]           ; Merged with pad:raqueta_der|contador[14] ;
; pad:raqueta_izq|contador[9]            ; Merged with pad:raqueta_der|contador[9]  ;
; pad:raqueta_izq|contador[6]            ; Merged with pad:raqueta_der|contador[6]  ;
; pad:raqueta_izq|contador[15]           ; Merged with pad:raqueta_der|contador[15] ;
; pad:raqueta_izq|contador[13]           ; Merged with pad:raqueta_der|contador[13] ;
; pad:raqueta_izq|contador[12]           ; Merged with pad:raqueta_der|contador[12] ;
; pad:raqueta_izq|contador[11]           ; Merged with pad:raqueta_der|contador[11] ;
; pad:raqueta_izq|contador[10]           ; Merged with pad:raqueta_der|contador[10] ;
; pad:raqueta_izq|contador[8]            ; Merged with pad:raqueta_der|contador[8]  ;
; pad:raqueta_izq|contador[7]            ; Merged with pad:raqueta_der|contador[7]  ;
; pad:raqueta_izq|contador[5]            ; Merged with pad:raqueta_der|contador[5]  ;
; pad:raqueta_izq|contador[4]            ; Merged with pad:raqueta_der|contador[4]  ;
; pad:raqueta_izq|contador[3]            ; Merged with pad:raqueta_der|contador[3]  ;
; pad:raqueta_izq|contador[2]            ; Merged with pad:raqueta_der|contador[2]  ;
; pad:raqueta_izq|contador[1]            ; Merged with pad:raqueta_der|contador[1]  ;
; pad:raqueta_izq|contador[0]            ; Merged with pad:raqueta_der|contador[0]  ;
; ballhitbox:pelota|vx[3..9]             ; Merged with ballhitbox:pelota|vx[2]      ;
; ballhitbox:pelota|vy[3..9]             ; Merged with ballhitbox:pelota|vy[2]      ;
; ballhitbox:pelota|vy[0]                ; Stuck at GND due to stuck port data_in   ;
; ballhitbox:pelota|vx[0]                ; Stuck at GND due to stuck port data_in   ;
; ballhitbox:pelota|ballx_o[0]           ; Stuck at GND due to stuck port data_in   ;
; ballhitbox:pelota|bally_o[0]           ; Stuck at GND due to stuck port data_in   ;
; ballhitbox:pelota|vx[1]                ; Stuck at VCC due to stuck port data_in   ;
; ballhitbox:pelota|vy[1]                ; Stuck at VCC due to stuck port data_in   ;
; Total Number of Removed Registers = 40 ;                                          ;
+----------------------------------------+------------------------------------------+


+-------------------------------------------------------------------------------------------------------------+
; Removed Registers Triggering Further Register Optimizations                                                 ;
+------------------------------+---------------------------+--------------------------------------------------+
; Register name                ; Reason for Removal        ; Registers Removed due to This Register           ;
+------------------------------+---------------------------+--------------------------------------------------+
; ballhitbox:pelota|bally_o[0] ; Stuck at GND              ; ballhitbox:pelota|vx[1], ballhitbox:pelota|vy[1] ;
;                              ; due to stuck port data_in ;                                                  ;
+------------------------------+---------------------------+--------------------------------------------------+


+------------------------------------------------------+
; General Register Statistics                          ;
+----------------------------------------------+-------+
; Statistic                                    ; Value ;
+----------------------------------------------+-------+
; Total registers                              ; 179   ;
; Number of registers using Synchronous Clear  ; 26    ;
; Number of registers using Synchronous Load   ; 13    ;
; Number of registers using Asynchronous Clear ; 147   ;
; Number of registers using Asynchronous Load  ; 0     ;
; Number of registers using Clock Enable       ; 115   ;
; Number of registers using Preset             ; 0     ;
+----------------------------------------------+-------+


+---------------------------------------------------+
; Inverted Register Statistics                      ;
+-----------------------------------------+---------+
; Inverted Register                       ; Fan out ;
+-----------------------------------------+---------+
; ballhitbox:pelota|ballx_o[8]            ; 4       ;
; ballhitbox:pelota|ballx_o[6]            ; 7       ;
; pad:raqueta_der|pady_o[7]               ; 7       ;
; pad:raqueta_der|pady_o[6]               ; 8       ;
; pad:raqueta_der|pady_o[3]               ; 6       ;
; pad:raqueta_izq|pady_o[7]               ; 7       ;
; pad:raqueta_izq|pady_o[6]               ; 8       ;
; pad:raqueta_izq|pady_o[3]               ; 6       ;
; ballhitbox:pelota|bally_o[7]            ; 9       ;
; ballhitbox:pelota|bally_o[6]            ; 9       ;
; ballhitbox:pelota|bally_o[5]            ; 9       ;
; ballhitbox:pelota|bally_o[4]            ; 9       ;
; uart_rx:uart0|ck_uart                   ; 9       ;
; uart_rx:uart0|q_uart                    ; 1       ;
; Total number of inverted registers = 14 ;         ;
+-----------------------------------------+---------+


+------------------------------------------------------------------------------------------------------------------------------------------------------+
; Multiplexer Restructuring Statistics (Restructuring Performed)                                                                                       ;
+--------------------+-----------+---------------+----------------------+------------------------+------------+----------------------------------------+
; Multiplexer Inputs ; Bus Width ; Baseline Area ; Area if Restructured ; Saving if Restructured ; Registered ; Example Multiplexer Output             ;
+--------------------+-----------+---------------+----------------------+------------------------+------------+----------------------------------------+
; 3:1                ; 7 bits    ; 14 LEs        ; 7 LEs                ; 7 LEs                  ; Yes        ; |top|ballhitbox:pelota|ballx_o[2]      ;
; 3:1                ; 6 bits    ; 12 LEs        ; 6 LEs                ; 6 LEs                  ; Yes        ; |top|uart_rx:uart0|baud_counter[8]     ;
; 3:1                ; 3 bits    ; 6 LEs         ; 6 LEs                ; 0 LEs                  ; Yes        ; |top|uart_rx:uart0|baud_counter[9]     ;
; 3:1                ; 3 bits    ; 6 LEs         ; 6 LEs                ; 0 LEs                  ; Yes        ; |top|uart_rx:uart0|baud_counter[2]     ;
; 3:1                ; 4 bits    ; 8 LEs         ; 8 LEs                ; 0 LEs                  ; Yes        ; |top|uart_rx:uart0|baud_counter[1]     ;
; 4:1                ; 25 bits   ; 50 LEs        ; 25 LEs               ; 25 LEs                 ; Yes        ; |top|ballhitbox:pelota|pausa_count[11] ;
; 4:1                ; 3 bits    ; 6 LEs         ; 3 LEs                ; 3 LEs                  ; Yes        ; |top|uart_rx:uart0|state[1]            ;
; 5:1                ; 5 bits    ; 15 LEs        ; 10 LEs               ; 5 LEs                  ; Yes        ; |top|ballhitbox:pelota|bally_o[9]      ;
; 3:1                ; 2 bits    ; 4 LEs         ; 2 LEs                ; 2 LEs                  ; Yes        ; |top|ballhitbox:pelota|ballx_o[6]      ;
; 5:1                ; 4 bits    ; 12 LEs        ; 8 LEs                ; 4 LEs                  ; Yes        ; |top|ballhitbox:pelota|bally_o[4]      ;
+--------------------+-----------+---------------+----------------------+------------------------+------------+----------------------------------------+


+--------------------------------------------------------------+
; Parameter Settings for User Entity Instance: pad:raqueta_izq ;
+----------------+---------+-----------------------------------+
; Parameter Name ; Value   ; Type                              ;
+----------------+---------+-----------------------------------+
; Velocidad      ; 1000000 ; Signed Integer                    ;
; TamanoPad      ; 80      ; Signed Integer                    ;
; MaxPantallaY   ; 480     ; Signed Integer                    ;
+----------------+---------+-----------------------------------+
Note: In order to hide this table in the UI and the text report file, please set the "Show Parameter Settings in Synthesis Report" option in "Analysis and Synthesis Settings -> More Settings" to "Off".


+--------------------------------------------------------------+
; Parameter Settings for User Entity Instance: pad:raqueta_der ;
+----------------+---------+-----------------------------------+
; Parameter Name ; Value   ; Type                              ;
+----------------+---------+-----------------------------------+
; Velocidad      ; 1000000 ; Signed Integer                    ;
; TamanoPad      ; 80      ; Signed Integer                    ;
; MaxPantallaY   ; 480     ; Signed Integer                    ;
+----------------+---------+-----------------------------------+
Note: In order to hide this table in the UI and the text report file, please set the "Show Parameter Settings in Synthesis Report" option in "Analysis and Synthesis Settings -> More Settings" to "Off".


+----------------------------------------------------------------+
; Parameter Settings for User Entity Instance: ballhitbox:pelota ;
+----------------+----------+------------------------------------+
; Parameter Name ; Value    ; Type                               ;
+----------------+----------+------------------------------------+
; TamanoPad      ; 80       ; Signed Integer                     ;
; LimitPad1      ; 70       ; Signed Integer                     ;
; LimitPad2      ; 570      ; Signed Integer                     ;
; Centerx        ; 320      ; Signed Integer                     ;
; Centery        ; 240      ; Signed Integer                     ;
; SpeedDiv       ; 500000   ; Signed Integer                     ;
; TiempoDePausa  ; 25000000 ; Signed Integer                     ;
+----------------+----------+------------------------------------+
Note: In order to hide this table in the UI and the text report file, please set the "Show Parameter Settings in Synthesis Report" option in "Analysis and Synthesis Settings -> More Settings" to "Off".


+------------------------------------------------------------+
; Parameter Settings for User Entity Instance: uart_rx:uart0 ;
+-----------------+------------------+-----------------------+
; Parameter Name  ; Value            ; Type                  ;
+-----------------+------------------+-----------------------+
; CLOCKS_PER_BAUD ; 0001010001011000 ; Unsigned Binary       ;
+-----------------+------------------+-----------------------+
Note: In order to hide this table in the UI and the text report file, please set the "Show Parameter Settings in Synthesis Report" option in "Analysis and Synthesis Settings -> More Settings" to "Off".


+-----------------------------------------------------+
; Post-Synthesis Netlist Statistics for Top Partition ;
+-----------------------+-----------------------------+
; Type                  ; Count                       ;
+-----------------------+-----------------------------+
; boundary_port         ; 9                           ;
; cycloneiii_ff         ; 179                         ;
;     CLR               ; 40                          ;
;     ENA               ; 8                           ;
;     ENA CLR           ; 72                          ;
;     ENA CLR SCLR      ; 26                          ;
;     ENA CLR SLD       ; 9                           ;
;     SLD               ; 4                           ;
;     plain             ; 20                          ;
; cycloneiii_lcell_comb ; 582                         ;
;     arith             ; 263                         ;
;         2 data inputs ; 137                         ;
;         3 data inputs ; 126                         ;
;     normal            ; 319                         ;
;         0 data inputs ; 5                           ;
;         1 data inputs ; 11                          ;
;         2 data inputs ; 56                          ;
;         3 data inputs ; 64                          ;
;         4 data inputs ; 183                         ;
;                       ;                             ;
; Max LUT depth         ; 10.00                       ;
; Average LUT depth     ; 4.61                        ;
+-----------------------+-----------------------------+


+-------------------------------+
; Elapsed Time Per Partition    ;
+----------------+--------------+
; Partition Name ; Elapsed Time ;
+----------------+--------------+
; Top            ; 00:00:01     ;
+----------------+--------------+


+-------------------------------+
; Analysis & Synthesis Messages ;
+-------------------------------+
Info: *******************************************************************
Info: Running Quartus Prime Analysis & Synthesis
    Info: Version 25.1std.0 Build 1129 10/21/2025 SC Lite Edition
    Info: Processing started: Mon Jun  1 13:21:06 2026
Info: Command: quartus_map --read_settings_files=on --write_settings_files=off top -c top
Warning (18236): Number of processors has not been specified which may cause overloading on shared machines.  Set the global assignment NUM_PARALLEL_PROCESSORS in your QSF to an appropriate value for best performance.
Info (20030): Parallel compilation is enabled and will use 6 of the 6 processors detected
Warning (12125): Using design file top.v, which is not specified as a design file for the current project, but contains definitions for 1 design units and 1 entities in project
    Info (12023): Found entity 1: top File: /home/willdev/PONG_VGA_FPGA_ALTERA_CYCLON_IV/VGA_480_640_Pong/Pong_Game_Source/top.v Line: 1
Info (12127): Elaborating entity "top" for the top level hierarchy
Warning (12125): Using design file pll25mhz.v, which is not specified as a design file for the current project, but contains definitions for 1 design units and 1 entities in project
    Info (12023): Found entity 1: pll25mhz File: /home/willdev/PONG_VGA_FPGA_ALTERA_CYCLON_IV/VGA_480_640_Pong/Pong_Game_Source/pll25mhz.v Line: 3
Info (12128): Elaborating entity "pll25mhz" for hierarchy "pll25mhz:mi_pll" File: /home/willdev/PONG_VGA_FPGA_ALTERA_CYCLON_IV/VGA_480_640_Pong/Pong_Game_Source/top.v Line: 63
Warning (12125): Using design file vga.v, which is not specified as a design file for the current project, but contains definitions for 1 design units and 1 entities in project
    Info (12023): Found entity 1: vga File: /home/willdev/PONG_VGA_FPGA_ALTERA_CYCLON_IV/VGA_480_640_Pong/Pong_Game_Source/vga.v Line: 1
Info (12128): Elaborating entity "vga" for hierarchy "vga:vga_principal" File: /home/willdev/PONG_VGA_FPGA_ALTERA_CYCLON_IV/VGA_480_640_Pong/Pong_Game_Source/top.v Line: 79
Warning (12125): Using design file pad.v, which is not specified as a design file for the current project, but contains definitions for 1 design units and 1 entities in project
    Info (12023): Found entity 1: pad File: /home/willdev/PONG_VGA_FPGA_ALTERA_CYCLON_IV/VGA_480_640_Pong/Pong_Game_Source/pad.v Line: 1
Info (12128): Elaborating entity "pad" for hierarchy "pad:raqueta_izq" File: /home/willdev/PONG_VGA_FPGA_ALTERA_CYCLON_IV/VGA_480_640_Pong/Pong_Game_Source/top.v Line: 92
Warning (10240): Verilog HDL Always Construct warning at pad.v(14): inferring latch(es) for variable "pady_o", which holds its previous value in one or more paths through the always construct File: /home/willdev/PONG_VGA_FPGA_ALTERA_CYCLON_IV/VGA_480_640_Pong/Pong_Game_Source/pad.v Line: 14
Info (10041): Inferred latch for "pady_o[0]" at pad.v(14) File: /home/willdev/PONG_VGA_FPGA_ALTERA_CYCLON_IV/VGA_480_640_Pong/Pong_Game_Source/pad.v Line: 14
Warning (12125): Using design file ballhitbox.v, which is not specified as a design file for the current project, but contains definitions for 1 design units and 1 entities in project
    Info (12023): Found entity 1: ballhitbox File: /home/willdev/PONG_VGA_FPGA_ALTERA_CYCLON_IV/VGA_480_640_Pong/Pong_Game_Source/ballhitbox.v Line: 1
Info (12128): Elaborating entity "ballhitbox" for hierarchy "ballhitbox:pelota" File: /home/willdev/PONG_VGA_FPGA_ALTERA_CYCLON_IV/VGA_480_640_Pong/Pong_Game_Source/top.v Line: 115
Warning (10036): Verilog HDL or VHDL warning at ballhitbox.v(26): object "hit_top_bottom" assigned a value but never read File: /home/willdev/PONG_VGA_FPGA_ALTERA_CYCLON_IV/VGA_480_640_Pong/Pong_Game_Source/ballhitbox.v Line: 26
Warning (10230): Verilog HDL assignment warning at ballhitbox.v(44): truncated value with size 32 to match size of target (10) File: /home/willdev/PONG_VGA_FPGA_ALTERA_CYCLON_IV/VGA_480_640_Pong/Pong_Game_Source/ballhitbox.v Line: 44
Warning (10230): Verilog HDL assignment warning at ballhitbox.v(45): truncated value with size 32 to match size of target (10) File: /home/willdev/PONG_VGA_FPGA_ALTERA_CYCLON_IV/VGA_480_640_Pong/Pong_Game_Source/ballhitbox.v Line: 45
Warning (10230): Verilog HDL assignment warning at ballhitbox.v(61): truncated value with size 32 to match size of target (10) File: /home/willdev/PONG_VGA_FPGA_ALTERA_CYCLON_IV/VGA_480_640_Pong/Pong_Game_Source/ballhitbox.v Line: 61
Warning (10230): Verilog HDL assignment warning at ballhitbox.v(62): truncated value with size 32 to match size of target (10) File: /home/willdev/PONG_VGA_FPGA_ALTERA_CYCLON_IV/VGA_480_640_Pong/Pong_Game_Source/ballhitbox.v Line: 62
Warning (12125): Using design file pulsecounter.v, which is not specified as a design file for the current project, but contains definitions for 1 design units and 1 entities in project
    Info (12023): Found entity 1: pulsecounter File: /home/willdev/PONG_VGA_FPGA_ALTERA_CYCLON_IV/VGA_480_640_Pong/Pong_Game_Source/pulsecounter.v Line: 1
Info (12128): Elaborating entity "pulsecounter" for hierarchy "pulsecounter:cuenta_j1" File: /home/willdev/PONG_VGA_FPGA_ALTERA_CYCLON_IV/VGA_480_640_Pong/Pong_Game_Source/top.v Line: 123
Warning (12125): Using design file render.v, which is not specified as a design file for the current project, but contains definitions for 1 design units and 1 entities in project
    Info (12023): Found entity 1: render File: /home/willdev/PONG_VGA_FPGA_ALTERA_CYCLON_IV/VGA_480_640_Pong/Pong_Game_Source/render.v Line: 1
Info (12128): Elaborating entity "render" for hierarchy "render:render_principal" File: /home/willdev/PONG_VGA_FPGA_ALTERA_CYCLON_IV/VGA_480_640_Pong/Pong_Game_Source/top.v Line: 148
Warning (12125): Using design file flipflop.v, which is not specified as a design file for the current project, but contains definitions for 1 design units and 1 entities in project
    Info (12023): Found entity 1: flipflop File: /home/willdev/PONG_VGA_FPGA_ALTERA_CYCLON_IV/VGA_480_640_Pong/Pong_Game_Source/flipflop.v Line: 1
Info (12128): Elaborating entity "flipflop" for hierarchy "flipflop:flip_hsync" File: /home/willdev/PONG_VGA_FPGA_ALTERA_CYCLON_IV/VGA_480_640_Pong/Pong_Game_Source/top.v Line: 158
Warning (12125): Using design file uart_rx.v, which is not specified as a design file for the current project, but contains definitions for 1 design units and 1 entities in project
    Info (12023): Found entity 1: uart_rx File: /home/willdev/PONG_VGA_FPGA_ALTERA_CYCLON_IV/VGA_480_640_Pong/Pong_Game_Source/uart_rx.v Line: 3
Info (12128): Elaborating entity "uart_rx" for hierarchy "uart_rx:uart0" File: /home/willdev/PONG_VGA_FPGA_ALTERA_CYCLON_IV/VGA_480_640_Pong/Pong_Game_Source/top.v Line: 193
Warning (10230): Verilog HDL assignment warning at uart_rx.v(31): truncated value with size 32 to match size of target (2) File: /home/willdev/PONG_VGA_FPGA_ALTERA_CYCLON_IV/VGA_480_640_Pong/Pong_Game_Source/uart_rx.v Line: 31
Warning (10230): Verilog HDL assignment warning at uart_rx.v(45): truncated value with size 32 to match size of target (16) File: /home/willdev/PONG_VGA_FPGA_ALTERA_CYCLON_IV/VGA_480_640_Pong/Pong_Game_Source/uart_rx.v Line: 45
Warning (10230): Verilog HDL assignment warning at uart_rx.v(49): truncated value with size 32 to match size of target (4) File: /home/willdev/PONG_VGA_FPGA_ALTERA_CYCLON_IV/VGA_480_640_Pong/Pong_Game_Source/uart_rx.v Line: 49
Info (13000): Registers with preset signals will power-up high File: /home/willdev/PONG_VGA_FPGA_ALTERA_CYCLON_IV/VGA_480_640_Pong/Pong_Game_Source/ballhitbox.v Line: 55
Info (13003): DEV_CLRn pin will set, and not reset, register with preset signal due to NOT Gate Push-Back
Info (286030): Timing-Driven Synthesis is running
Info (16010): Generating hard_block partition "hard_block:auto_generated_inst"
    Info (16011): Adding 0 node(s), including 0 DDIO, 0 PLL, 0 transceiver and 0 LCELL
Info (21057): Implemented 604 device resources after synthesis - the final resource count might be different
    Info (21058): Implemented 3 input pins
    Info (21059): Implemented 6 output pins
    Info (21061): Implemented 595 logic cells
Info: Quartus Prime Analysis & Synthesis was successful. 0 errors, 19 warnings
    Info: Peak virtual memory: 441 megabytes
    Info: Processing ended: Mon Jun  1 13:21:14 2026
    Info: Elapsed time: 00:00:08
    Info: Total CPU time (on all processors): 00:00:19


